// Jest Snapshot v1, https://goo.gl/fbAQLP

exports[`<ArticleTitle /> renders snapshot 1`] = `
<ArticleTitle__TitleWrapper>
  <Headline
    className="boldrui-article__title"
    lightText={true}
    type="h1"
  />
</ArticleTitle__TitleWrapper>
`;
