// Jest Snapshot v1, https://goo.gl/fbAQLP

exports[`<ForgotPassword />, renders the forgot password form card 1`] = `<Connect(ForgotPassword) />`;
