// Jest Snapshot v1, https://goo.gl/fbAQLP

exports[`<Settings /> renders snapshot 1`] = `
<div>
  <HelmetWrapper
    encodeSpecialCharacters={true}
    title="Admin: Settings"
  />
  <Settings__Content>
    <SettingsAside />
    <Connect(General) />
  </Settings__Content>
</div>
`;
