// Jest Snapshot v1, https://goo.gl/fbAQLP

exports[`<ResetPassword />, renders the reset password form card 1`] = `<Connect(ResetPassword) />`;
