// Jest Snapshot v1, https://goo.gl/fbAQLP

exports[`<ArticleCard /> renders snapshot 1`] = `
<div
  className="boldrui-article-card"
>
  <Card
    animate={true}
    className="md-block-centered"
    expanderIconChildren="keyboard_arrow_down"
    expanderIconClassName="material-icons"
    expanderTooltipPosition="left"
    style={
      Object {
        "maxWidth": 600,
      }
    }
  >
    <Media
      aspectRatio="16-9"
      component="section"
      forceAspect={true}
    >
      <img
        alt="Test Post feature image"
        role="presentation"
      />
    </Media>
    <CardTitle
      subtitle="Invalid Date"
      title="Test Post"
    />
    <CardActions
      expander={true}
    >
      <Button
        block={false}
        bordered={true}
        className=""
        disabled={false}
        href="/blog/test-post"
        htmlType="button"
        kind="primary"
        loading={false}
        onClick={[Function]}
        outline={true}
        prefix="boldrui"
        size="medium"
      >
        Read More
      </Button>
    </CardActions>
    <CardText
      component="section"
      expandable={true}
    >
      An excerpt
    </CardText>
    <TagBlock
      tags={
        Array [
          Object {
            "id": 1,
            "name": "abc",
          },
        ]
      }
    />
  </Card>
</div>
`;
